// Jest Snapshot v1, https://goo.gl/fbAQLP

exports[`<NotFound /> matches snapshot 1`] = `
<div
  style={
    Object {
      "marginTop": 40,
      "textAlign": "center",
    }
  }
>
  <h1>
    Page Not Found
  </h1>
</div>
`;
