// Jest Snapshot v1, https://goo.gl/fbAQLP

exports[`<MainAppbar /> matches snapshot 1`] = `
<div
  className={undefined}
  style={
    Object {
      "WebkitTapHighlightColor": "rgba(0,0,0,0)",
      "backgroundColor": "#303F9F",
      "borderRadius": "0px",
      "boxShadow": "0 1px 6px rgba(0, 0, 0, 0.12),
             0 1px 4px rgba(0, 0, 0, 0.12)",
      "boxSizing": "border-box",
      "color": "#ffffff",
      "display": "flex",
      "fontFamily": "Roboto, sans-serif",
      "muiPrepared": true,
      "paddingLeft": 24,
      "paddingRight": 24,
      "position": "relative",
      "transition": "all 450ms cubic-bezier(0.23, 1, 0.32, 1) 0ms",
      "width": "100%",
      "zIndex": 1100,
    }
  }
>
  <div
    style={
      Object {
        "marginLeft": -16,
        "marginRight": 8,
        "marginTop": 8,
        "muiPrepared": true,
      }
    }
  >
    <button
      disabled={false}
      href={undefined}
      onBlur={[Function]}
      onClick={[Function]}
      onFocus={[Function]}
      onKeyDown={[Function]}
      onKeyUp={[Function]}
      onMouseEnter={[Function]}
      onMouseLeave={[Function]}
      onMouseOut={[Function]}
      onTouchStart={[Function]}
      onTouchTap={[Function]}
      style={
        Object {
          "WebkitTapHighlightColor": "rgba(0, 0, 0, 0)",
          "background": "none",
          "border": 10,
          "boxSizing": "border-box",
          "cursor": "pointer",
          "display": "inline-block",
          "fontFamily": "Roboto, sans-serif",
          "fontSize": 0,
          "fontWeight": "inherit",
          "height": 48,
          "margin": 0,
          "muiPrepared": true,
          "outline": "none",
          "overflow": "visible",
          "padding": 12,
          "position": "relative",
          "textDecoration": "none",
          "transition": "all 450ms cubic-bezier(0.23, 1, 0.32, 1) 0ms",
          "verticalAlign": null,
          "width": 48,
          "zIndex": 1,
        }
      }
      tabIndex={0}
      type="button"
    >
      <div
        onMouseDown={[Function]}
        onMouseLeave={[Function]}
        onMouseUp={[Function]}
        onTouchEnd={[Function]}
        onTouchStart={[Function]}
      >
        <img
          alt="App bar logo"
          src="/favicon-32x32.png"
          style={
            Object {
              "color": "#ffffff",
              "fill": "#ffffff",
            }
          }
        />
      </div>
    </button>
  </div>
  <h1
    onTouchTap={[Function]}
    style={
      Object {
        "boxFlex": 1,
        "color": "#ffffff",
        "flex": "1",
        "fontSize": 24,
        "fontWeight": 400,
        "height": 64,
        "letterSpacing": 0,
        "lineHeight": "64px",
        "margin": 0,
        "muiPrepared": true,
        "overflow": "hidden",
        "paddingTop": 0,
        "textOverflow": "ellipsis",
        "whiteSpace": "nowrap",
      }
    }
  >
    UploadBro
  </h1>
  <div
    style={
      Object {
        "marginLeft": "auto",
        "marginRight": -16,
        "marginTop": 8,
        "muiPrepared": true,
      }
    }
  >
    <div
      className={undefined}
      onMouseDown={[Function]}
      onMouseEnter={[Function]}
      onMouseLeave={[Function]}
      onMouseUp={[Function]}
      onTouchTap={[Function]}
      style={
        Object {
          "display": "inline-block",
          "muiPrepared": true,
          "position": "relative",
        }
      }
    >
      <button
        disabled={false}
        href={undefined}
        onBlur={[Function]}
        onClick={[Function]}
        onFocus={[Function]}
        onKeyDown={[Function]}
        onKeyUp={[Function]}
        onMouseEnter={[Function]}
        onMouseLeave={[Function]}
        onMouseOut={[Function]}
        onTouchStart={[Function]}
        onTouchTap={[Function]}
        style={
          Object {
            "WebkitTapHighlightColor": "rgba(0, 0, 0, 0)",
            "background": "none",
            "border": 10,
            "boxSizing": "border-box",
            "cursor": "pointer",
            "display": "inline-block",
            "fontFamily": "Roboto, sans-serif",
            "fontSize": 0,
            "fontWeight": "inherit",
            "height": 48,
            "margin": 0,
            "muiPrepared": true,
            "outline": "none",
            "overflow": "visible",
            "padding": 12,
            "position": "relative",
            "textDecoration": "none",
            "transition": "all 450ms cubic-bezier(0.23, 1, 0.32, 1) 0ms",
            "verticalAlign": null,
            "width": 48,
            "zIndex": 1,
          }
        }
        tabIndex={0}
        type="button"
      >
        <div
          onMouseDown={[Function]}
          onMouseLeave={[Function]}
          onMouseUp={[Function]}
          onTouchEnd={[Function]}
          onTouchStart={[Function]}
        >
          <svg
            onMouseEnter={[Function]}
            onMouseLeave={[Function]}
            style={
              Object {
                "color": "#ffffff",
                "display": "inline-block",
                "fill": "currentColor",
                "height": 24,
                "muiPrepared": true,
                "transition": "all 450ms cubic-bezier(0.23, 1, 0.32, 1) 0ms",
                "userSelect": "none",
                "width": 24,
              }
            }
            viewBox="0 0 24 24"
          >
            <path
              d="M12 8c1.1 0 2-.9 2-2s-.9-2-2-2-2 .9-2 2 .9 2 2 2zm0 2c-1.1 0-2 .9-2 2s.9 2 2 2 2-.9 2-2-.9-2-2-2zm0 6c-1.1 0-2 .9-2 2s.9 2 2 2 2-.9 2-2-.9-2-2-2z"
            />
          </svg>
        </div>
      </button>
      <div
        style={
          Object {
            "display": "none",
          }
        }
      />
    </div>
  </div>
  <div
    style={
      Object {
        "display": "none",
      }
    }
  />
</div>
`;

exports[`<MainAppbar /> matches snapshot with verified user 1`] = `
<div
  className={undefined}
  style={
    Object {
      "WebkitTapHighlightColor": "rgba(0,0,0,0)",
      "backgroundColor": "#303F9F",
      "borderRadius": "0px",
      "boxShadow": "0 1px 6px rgba(0, 0, 0, 0.12),
             0 1px 4px rgba(0, 0, 0, 0.12)",
      "boxSizing": "border-box",
      "color": "#ffffff",
      "display": "flex",
      "fontFamily": "Roboto, sans-serif",
      "muiPrepared": true,
      "paddingLeft": 24,
      "paddingRight": 24,
      "position": "relative",
      "transition": "all 450ms cubic-bezier(0.23, 1, 0.32, 1) 0ms",
      "width": "100%",
      "zIndex": 1100,
    }
  }
>
  <div
    style={
      Object {
        "marginLeft": -16,
        "marginRight": 8,
        "marginTop": 8,
        "muiPrepared": true,
      }
    }
  >
    <button
      disabled={false}
      href={undefined}
      onBlur={[Function]}
      onClick={[Function]}
      onFocus={[Function]}
      onKeyDown={[Function]}
      onKeyUp={[Function]}
      onMouseEnter={[Function]}
      onMouseLeave={[Function]}
      onMouseOut={[Function]}
      onTouchStart={[Function]}
      onTouchTap={[Function]}
      style={
        Object {
          "WebkitTapHighlightColor": "rgba(0, 0, 0, 0)",
          "background": "none",
          "border": 10,
          "boxSizing": "border-box",
          "cursor": "pointer",
          "display": "inline-block",
          "fontFamily": "Roboto, sans-serif",
          "fontSize": 0,
          "fontWeight": "inherit",
          "height": 48,
          "margin": 0,
          "muiPrepared": true,
          "outline": "none",
          "overflow": "visible",
          "padding": 12,
          "position": "relative",
          "textDecoration": "none",
          "transition": "all 450ms cubic-bezier(0.23, 1, 0.32, 1) 0ms",
          "verticalAlign": null,
          "width": 48,
          "zIndex": 1,
        }
      }
      tabIndex={0}
      type="button"
    >
      <div
        onMouseDown={[Function]}
        onMouseLeave={[Function]}
        onMouseUp={[Function]}
        onTouchEnd={[Function]}
        onTouchStart={[Function]}
      >
        <img
          alt="App bar logo"
          src="/favicon-32x32.png"
          style={
            Object {
              "color": "#ffffff",
              "fill": "#ffffff",
            }
          }
        />
      </div>
    </button>
  </div>
  <h1
    onTouchTap={[Function]}
    style={
      Object {
        "boxFlex": 1,
        "color": "#ffffff",
        "flex": "1",
        "fontSize": 24,
        "fontWeight": 400,
        "height": 64,
        "letterSpacing": 0,
        "lineHeight": "64px",
        "margin": 0,
        "muiPrepared": true,
        "overflow": "hidden",
        "paddingTop": 0,
        "textOverflow": "ellipsis",
        "whiteSpace": "nowrap",
      }
    }
  >
    UploadBro
  </h1>
  <div
    style={
      Object {
        "marginLeft": "auto",
        "marginRight": -16,
        "marginTop": 8,
        "muiPrepared": true,
      }
    }
  >
    <div
      className={undefined}
      onMouseDown={[Function]}
      onMouseEnter={[Function]}
      onMouseLeave={[Function]}
      onMouseUp={[Function]}
      onTouchTap={[Function]}
      style={
        Object {
          "display": "inline-block",
          "muiPrepared": true,
          "position": "relative",
        }
      }
    >
      <button
        disabled={false}
        href={undefined}
        onBlur={[Function]}
        onClick={[Function]}
        onFocus={[Function]}
        onKeyDown={[Function]}
        onKeyUp={[Function]}
        onMouseEnter={[Function]}
        onMouseLeave={[Function]}
        onMouseOut={[Function]}
        onTouchStart={[Function]}
        onTouchTap={[Function]}
        style={
          Object {
            "WebkitTapHighlightColor": "rgba(0, 0, 0, 0)",
            "background": "none",
            "border": 10,
            "boxSizing": "border-box",
            "cursor": "pointer",
            "display": "inline-block",
            "fontFamily": "Roboto, sans-serif",
            "fontSize": 0,
            "fontWeight": "inherit",
            "height": 48,
            "margin": 0,
            "muiPrepared": true,
            "outline": "none",
            "overflow": "visible",
            "padding": 12,
            "position": "relative",
            "textDecoration": "none",
            "transition": "all 450ms cubic-bezier(0.23, 1, 0.32, 1) 0ms",
            "verticalAlign": null,
            "width": 48,
            "zIndex": 1,
          }
        }
        tabIndex={0}
        type="button"
      >
        <div
          onMouseDown={[Function]}
          onMouseLeave={[Function]}
          onMouseUp={[Function]}
          onTouchEnd={[Function]}
          onTouchStart={[Function]}
        >
          <svg
            onMouseEnter={[Function]}
            onMouseLeave={[Function]}
            style={
              Object {
                "color": "#ffffff",
                "display": "inline-block",
                "fill": "currentColor",
                "height": 24,
                "muiPrepared": true,
                "transition": "all 450ms cubic-bezier(0.23, 1, 0.32, 1) 0ms",
                "userSelect": "none",
                "width": 24,
              }
            }
            viewBox="0 0 24 24"
          >
            <path
              d="M12 8c1.1 0 2-.9 2-2s-.9-2-2-2-2 .9-2 2 .9 2 2 2zm0 2c-1.1 0-2 .9-2 2s.9 2 2 2 2-.9 2-2-.9-2-2-2zm0 6c-1.1 0-2 .9-2 2s.9 2 2 2 2-.9 2-2-.9-2-2-2z"
            />
          </svg>
        </div>
      </button>
      <div
        style={
          Object {
            "display": "none",
          }
        }
      />
    </div>
  </div>
  <div
    style={
      Object {
        "display": "none",
      }
    }
  />
</div>
`;

exports[`<MainAppbar /> matches snapshot without verified user 1`] = `
<div
  className={undefined}
  style={
    Object {
      "WebkitTapHighlightColor": "rgba(0,0,0,0)",
      "backgroundColor": "#303F9F",
      "borderRadius": "0px",
      "boxShadow": "0 1px 6px rgba(0, 0, 0, 0.12),
             0 1px 4px rgba(0, 0, 0, 0.12)",
      "boxSizing": "border-box",
      "color": "#ffffff",
      "display": "flex",
      "fontFamily": "Roboto, sans-serif",
      "muiPrepared": true,
      "paddingLeft": 24,
      "paddingRight": 24,
      "position": "relative",
      "transition": "all 450ms cubic-bezier(0.23, 1, 0.32, 1) 0ms",
      "width": "100%",
      "zIndex": 1100,
    }
  }
>
  <div
    style={
      Object {
        "marginLeft": -16,
        "marginRight": 8,
        "marginTop": 8,
        "muiPrepared": true,
      }
    }
  >
    <button
      disabled={false}
      href={undefined}
      onBlur={[Function]}
      onClick={[Function]}
      onFocus={[Function]}
      onKeyDown={[Function]}
      onKeyUp={[Function]}
      onMouseEnter={[Function]}
      onMouseLeave={[Function]}
      onMouseOut={[Function]}
      onTouchStart={[Function]}
      onTouchTap={[Function]}
      style={
        Object {
          "WebkitTapHighlightColor": "rgba(0, 0, 0, 0)",
          "background": "none",
          "border": 10,
          "boxSizing": "border-box",
          "cursor": "pointer",
          "display": "inline-block",
          "fontFamily": "Roboto, sans-serif",
          "fontSize": 0,
          "fontWeight": "inherit",
          "height": 48,
          "margin": 0,
          "muiPrepared": true,
          "outline": "none",
          "overflow": "visible",
          "padding": 12,
          "position": "relative",
          "textDecoration": "none",
          "transition": "all 450ms cubic-bezier(0.23, 1, 0.32, 1) 0ms",
          "verticalAlign": null,
          "width": 48,
          "zIndex": 1,
        }
      }
      tabIndex={0}
      type="button"
    >
      <div
        onMouseDown={[Function]}
        onMouseLeave={[Function]}
        onMouseUp={[Function]}
        onTouchEnd={[Function]}
        onTouchStart={[Function]}
      >
        <img
          alt="App bar logo"
          src="/favicon-32x32.png"
          style={
            Object {
              "color": "#ffffff",
              "fill": "#ffffff",
            }
          }
        />
      </div>
    </button>
  </div>
  <h1
    onTouchTap={[Function]}
    style={
      Object {
        "boxFlex": 1,
        "color": "#ffffff",
        "flex": "1",
        "fontSize": 24,
        "fontWeight": 400,
        "height": 64,
        "letterSpacing": 0,
        "lineHeight": "64px",
        "margin": 0,
        "muiPrepared": true,
        "overflow": "hidden",
        "paddingTop": 0,
        "textOverflow": "ellipsis",
        "whiteSpace": "nowrap",
      }
    }
  >
    UploadBro
  </h1>
  <div
    style={
      Object {
        "marginLeft": "auto",
        "marginRight": -16,
        "marginTop": 8,
        "muiPrepared": true,
      }
    }
  >
    <div
      className={undefined}
      onMouseDown={[Function]}
      onMouseEnter={[Function]}
      onMouseLeave={[Function]}
      onMouseUp={[Function]}
      onTouchTap={[Function]}
      style={
        Object {
          "display": "inline-block",
          "muiPrepared": true,
          "position": "relative",
        }
      }
    >
      <button
        disabled={false}
        href={undefined}
        onBlur={[Function]}
        onClick={[Function]}
        onFocus={[Function]}
        onKeyDown={[Function]}
        onKeyUp={[Function]}
        onMouseEnter={[Function]}
        onMouseLeave={[Function]}
        onMouseOut={[Function]}
        onTouchStart={[Function]}
        onTouchTap={[Function]}
        style={
          Object {
            "WebkitTapHighlightColor": "rgba(0, 0, 0, 0)",
            "background": "none",
            "border": 10,
            "boxSizing": "border-box",
            "cursor": "pointer",
            "display": "inline-block",
            "fontFamily": "Roboto, sans-serif",
            "fontSize": 0,
            "fontWeight": "inherit",
            "height": 48,
            "margin": 0,
            "muiPrepared": true,
            "outline": "none",
            "overflow": "visible",
            "padding": 12,
            "position": "relative",
            "textDecoration": "none",
            "transition": "all 450ms cubic-bezier(0.23, 1, 0.32, 1) 0ms",
            "verticalAlign": null,
            "width": 48,
            "zIndex": 1,
          }
        }
        tabIndex={0}
        type="button"
      >
        <div
          onMouseDown={[Function]}
          onMouseLeave={[Function]}
          onMouseUp={[Function]}
          onTouchEnd={[Function]}
          onTouchStart={[Function]}
        >
          <svg
            onMouseEnter={[Function]}
            onMouseLeave={[Function]}
            style={
              Object {
                "color": "#ffffff",
                "display": "inline-block",
                "fill": "currentColor",
                "height": 24,
                "muiPrepared": true,
                "transition": "all 450ms cubic-bezier(0.23, 1, 0.32, 1) 0ms",
                "userSelect": "none",
                "width": 24,
              }
            }
            viewBox="0 0 24 24"
          >
            <path
              d="M12 8c1.1 0 2-.9 2-2s-.9-2-2-2-2 .9-2 2 .9 2 2 2zm0 2c-1.1 0-2 .9-2 2s.9 2 2 2 2-.9 2-2-.9-2-2-2zm0 6c-1.1 0-2 .9-2 2s.9 2 2 2 2-.9 2-2-.9-2-2-2z"
            />
          </svg>
        </div>
      </button>
      <div
        style={
          Object {
            "display": "none",
          }
        }
      />
    </div>
  </div>
  <div
    style={
      Object {
        "display": "none",
      }
    }
  />
</div>
`;
