// Jest Snapshot v1, https://goo.gl/fbAQLP

exports[`<Center /> matches snapshot 1`] = `
<div
  style={
    Object {
      "alignItems": "center",
      "display": "flex",
      "height": "100%",
      "justifyContent": "center",
    }
  }
/>
`;
